\BOOKMARK [1][-]{section.1}{\376\377\137\025\212\000}{}% 1
\BOOKMARK [1][-]{section.2}{\376\377\166\370\121\163\135\345\117\134}{}% 2
\BOOKMARK [2][-]{subsection.2.1}{\376\377\162\151\117\123\221\315\121\111\161\147}{section.2}% 3
\BOOKMARK [2][-]{subsection.2.2}{\376\377\127\372\116\216\142\151\145\143\152\041\127\213\166\204\147\141\116\366\165\037\142\020}{section.2}% 4
\BOOKMARK [2][-]{subsection.2.3}{\376\377\225\134\227\142\116\016\232\330\121\111\166\321\167\143}{section.2}% 5
\BOOKMARK [1][-]{section.3}{\376\377\225\356\230\230\133\232\116\111\060\001\145\160\143\156\226\306\213\276\213\241\116\016\213\304\155\113\123\117\213\256}{}% 6
\BOOKMARK [2][-]{subsection.3.1}{\376\377\232\330\121\111\166\321\167\143\131\061\172\063\225\356\230\230}{section.3}% 7
\BOOKMARK [2][-]{subsection.3.2}{\376\377\173\046\123\367\133\232\116\111}{section.3}% 8
\BOOKMARK [2][-]{subsection.3.3}{\376\377\145\160\143\156\226\306\213\276\213\241\166\356\150\007}{section.3}% 9
\BOOKMARK [2][-]{subsection.3.4}{\376\377\145\160\143\156\226\306\215\041\163\056\166\204\213\272\145\207\123\026\210\150\217\360}{section.3}% 10
\BOOKMARK [2][-]{subsection.3.5}{\376\377\230\204\131\004\164\006\155\101\172\013\116\016\176\337\213\241\123\343\137\204}{section.3}% 11
\BOOKMARK [2][-]{subsection.3.6}{\376\377\145\160\143\156\123\117\213\256}{section.3}% 12
\BOOKMARK [2][-]{subsection.3.7}{\376\377\145\160\143\156\176\337\213\241\116\016\142\245\124\112\211\304\203\003}{section.3}% 13
\BOOKMARK [1][-]{section.4}{\376\377\145\271\154\325}{}% 14
\BOOKMARK [2][-]{subsection.4.1}{\376\377\145\164\117\123\155\101\172\013}{section.4}% 15
\BOOKMARK [2][-]{subsection.4.2}{\376\377\122\115\146\157\143\251\170\001\141\037\167\345\166\321\167\143}{section.4}% 16
\BOOKMARK [2][-]{subsection.4.3}{\376\377\166\370\133\371\232\330\121\111\133\232\116\111}{section.4}% 17
\BOOKMARK [2][-]{subsection.4.4}{\376\377\122\115\146\157\121\205\122\006\117\115\145\160\226\010\120\074}{section.4}% 18
\BOOKMARK [2][-]{subsection.4.5}{\376\377\116\305\165\050\116\216\226\010\120\074\117\060\213\241\166\204\152\041\174\312}{section.4}% 19
\BOOKMARK [2][-]{subsection.4.6}{\376\377\126\376\120\317\172\172\225\364\232\330\121\111\137\025\133\374}{section.4}% 20
\BOOKMARK [2][-]{subsection.4.7}{\376\377\145\110\163\207\142\151\134\125}{section.4}% 21
\BOOKMARK [2][-]{subsection.4.8}{\376\377\213\255\176\303\166\356\150\007}{section.4}% 22
\BOOKMARK [1][-]{section.5}{\376\377\133\236\232\214}{}% 23
\BOOKMARK [2][-]{subsection.5.1}{\376\377\133\236\232\214\166\356\150\007}{section.5}% 24
\BOOKMARK [2][-]{subsection.5.2}{\376\377\133\236\163\260\176\306\202\202}{section.5}% 25
\BOOKMARK [2][-]{subsection.5.3}{\376\377\133\236\232\214\176\304\176\307\116\016\213\301\143\156\134\102\176\247}{section.5}% 26
\BOOKMARK [2][-]{subsection.5.4}{\376\377\136\372\213\256\166\204\133\371\153\324\133\371\214\141\116\016\213\304\116\367\176\364\136\246}{section.5}% 27
\BOOKMARK [2][-]{subsection.5.5}{\376\377\127\372\116\216\163\260\147\011\213\301\143\156\166\204\226\066\153\265\140\047\155\210\207\215\210\150}{section.5}% 28
\BOOKMARK [2][-]{subsection.5.6}{\376\377\135\362\133\214\142\020\166\204\000\040\000c\000l\000e\000a\000n\000\040\000a\000b\000l\000a\000t\000i\000o\000n\377\010\000i\000m\000a\000g\000e\000-\000s\000p\000a\000c\000e\000\040\126\372\133\232\226\010\120\074\377\011}{section.5}% 29
\BOOKMARK [2][-]{subsection.5.7}{\376\377\137\123\122\115\116\073\176\277\000\040\000r\000u\000n\000\040\166\204\211\322\202\162\122\006\135\345}{section.5}% 30
\BOOKMARK [2][-]{subsection.5.8}{\376\377\226\066\153\265\140\047\176\323\147\234\122\006\147\220}{section.5}% 31
\BOOKMARK [2][-]{subsection.5.9}{\376\377\213\255\176\303\145\160\143\156\173\126\165\145}{section.5}% 32
\BOOKMARK [2][-]{subsection.5.10}{\376\377\215\350\127\337\154\333\123\026}{section.5}% 33
\BOOKMARK [2][-]{subsection.5.11}{\376\377\145\110\163\207\123\330\117\123}{section.5}% 34
\BOOKMARK [2][-]{subsection.5.12}{\376\377\145\110\163\207\123\330\117\123\122\006\147\220}{section.5}% 35
\BOOKMARK [2][-]{subsection.5.13}{\376\377\133\232\140\047\176\323\147\234\134\125\171\072}{section.5}% 36
\BOOKMARK [2][-]{subsection.5.14}{\376\377\133\232\140\047\176\323\147\234\122\006\147\220\116\016\126\376\171\072\176\304\176\307\123\237\122\031}{section.5}% 37
\BOOKMARK [1][-]{section.6}{\376\377\176\323\147\234\124\110\163\260\213\241\122\022}{}% 38
\BOOKMARK [1][-]{section.7}{\376\377\137\123\122\115\133\236\232\214\162\266\140\001}{}% 39
\BOOKMARK [1][-]{section.8}{\376\377\137\123\122\115\122\035\172\077\121\231\117\134\123\343\137\204}{}% 40
\BOOKMARK [1][-]{section.9}{\376\377\213\250\213\272\116\016\134\100\226\120}{}% 41
\BOOKMARK [1][-]{section.10}{\376\377\176\323\213\272}{}% 42
