初始化...
从本地加载模型: logs/neural_gaffer_training
/home/ubuntu/anaconda3/lib/python3.13/site-packages/tqdm/std.py:465: DeprecationWarning: datetime.datetime.utcfromtimestamp() is deprecated and scheduled for removal in a future version. Use timezone-aware objects to represent datetimes in UTC: datetime.datetime.fromtimestamp(timestamp, datetime.UTC).
  if rate and total else datetime.utcfromtimestamp(0))
Loading weights:   0%|          | 0/392 [00:00<?, ?it/s]Loading weights: 100%|██████████| 392/392 [00:00<00:00, 9688.50it/s]
加载checkpoint: logs/neural_gaffer_training/checkpoint-80000
/home/ubuntu/anaconda3/lib/python3.13/site-packages/tqdm/std.py:465: DeprecationWarning: datetime.datetime.utcfromtimestamp() is deprecated and scheduled for removal in a future version. Use timezone-aware objects to represent datetimes in UTC: datetime.datetime.fromtimestamp(timestamp, datetime.UTC).
  if rate and total else datetime.utcfromtimestamp(0))
Loading pipeline components...:   0%|          | 0/4 [00:00<?, ?it/s]/home/ubuntu/anaconda3/lib/python3.13/site-packages/tqdm/std.py:465: DeprecationWarning: datetime.datetime.utcfromtimestamp() is deprecated and scheduled for removal in a future version. Use timezone-aware objects to represent datetimes in UTC: datetime.datetime.fromtimestamp(timestamp, datetime.UTC).
  if rate and total else datetime.utcfromtimestamp(0))
Loading pipeline components...:   0%|          | 0/4 [00:00<?, ?it/s]
Traceback (most recent call last):
  File "/home/ubuntu/anaconda3/lib/python3.13/site-packages/diffusers/utils/import_utils.py", line 1010, in _get_module
    return importlib.import_module("." + module_name, self.__name__)
           ~~~~~~~~~~~~~~~~~~~~~~~^^^^^^^^^^^^^^^^^^^^^^^^^^^^^^^^^^
  File "/home/ubuntu/anaconda3/lib/python3.13/importlib/__init__.py", line 88, in import_module
    return _bootstrap._gcd_import(name[level:], package, level)
           ~~~~~~~~~~~~~~~~~~~~~~^^^^^^^^^^^^^^^^^^^^^^^^^^^^^^
  File "<frozen importlib._bootstrap>", line 1387, in _gcd_import
  File "<frozen importlib._bootstrap>", line 1360, in _find_and_load
  File "<frozen importlib._bootstrap>", line 1331, in _find_and_load_unlocked
  File "<frozen importlib._bootstrap>", line 935, in _load_unlocked
  File "<frozen importlib._bootstrap_external>", line 1026, in exec_module
  File "<frozen importlib._bootstrap>", line 488, in _call_with_frames_removed
  File "/home/ubuntu/anaconda3/lib/python3.13/site-packages/diffusers/guiders/__init__.py", line 25, in <module>
    from .frequency_decoupled_guidance import FrequencyDecoupledGuidance
  File "/home/ubuntu/anaconda3/lib/python3.13/site-packages/diffusers/guiders/frequency_decoupled_guidance.py", line 36, in <module>
    from kornia.geometry.transform import build_laplacian_pyramid as build_laplacian_pyramid_func
ImportError: cannot import name 'build_laplacian_pyramid' from 'kornia.geometry.transform' (/home/ubuntu/anaconda3/lib/python3.13/site-packages/kornia/geometry/transform/__init__.py)

The above exception was the direct cause of the following exception:

Traceback (most recent call last):
  File "/4T/CXY/Neural_Gaffer_original/generate_teaser.py", line 175, in <module>
    print(f"✓ 完成! 视频保存到: {args.output}")
    ^^^^^^
  File "/4T/CXY/Neural_Gaffer_original/generate_teaser.py", line 97, in main
    unet.eval()
    
    ...<8 lines>...
        scheduler=scheduler,
    
  File "/home/ubuntu/anaconda3/lib/python3.13/site-packages/huggingface_hub/utils/_validators.py", line 89, in _inner_fn
    return fn(*args, **kwargs)
  File "/home/ubuntu/anaconda3/lib/python3.13/site-packages/diffusers/pipelines/pipeline_utils.py", line 1037, in from_pretrained
    maybe_raise_or_warn(
    ~~~~~~~~~~~~~~~~~~~^
        library_name, library, class_name, importable_classes, passed_class_obj, name, is_pipeline_module
        ^^^^^^^^^^^^^^^^^^^^^^^^^^^^^^^^^^^^^^^^^^^^^^^^^^^^^^^^^^^^^^^^^^^^^^^^^^^^^^^^^^^^^^^^^^^^^^^^^
    )
    ^
  File "/home/ubuntu/anaconda3/lib/python3.13/site-packages/diffusers/pipelines/pipeline_loading_utils.py", line 367, in maybe_raise_or_warn
    class_candidates = {c: getattr(library, c, None) for c in importable_classes.keys()}
                           ~~~~~~~^^^^^^^^^^^^^^^^^^
  File "/home/ubuntu/anaconda3/lib/python3.13/site-packages/diffusers/utils/import_utils.py", line 1000, in __getattr__
    module = self._get_module(self._class_to_module[name])
  File "/home/ubuntu/anaconda3/lib/python3.13/site-packages/diffusers/utils/import_utils.py", line 1012, in _get_module
    raise RuntimeError(
    ...<2 lines>...
    ) from e
RuntimeError: Failed to import diffusers.guiders because of the following error (look up to see its traceback):
cannot import name 'build_laplacian_pyramid' from 'kornia.geometry.transform' (/home/ubuntu/anaconda3/lib/python3.13/site-packages/kornia/geometry/transform/__init__.py)
