\BOOKMARK [1][-]{section.1}{\376\377\137\025\212\000}{}% 1
\BOOKMARK [1][-]{section.2}{\376\377\166\370\121\163\135\345\117\134}{}% 2
\BOOKMARK [2][-]{subsection.2.1}{\376\377\162\151\117\123\221\315\121\111\161\147}{section.2}% 3
\BOOKMARK [2][-]{subsection.2.2}{\376\377\127\372\116\216\142\151\145\143\152\041\127\213\166\204\147\141\116\366\165\037\142\020}{section.2}% 4
\BOOKMARK [2][-]{subsection.2.3}{\376\377\225\134\227\142\116\016\232\330\121\111\166\321\167\143}{section.2}% 5
\BOOKMARK [1][-]{section.3}{\376\377\225\356\230\230\133\232\116\111\116\016\145\160\143\156\123\117\213\256}{}% 6
\BOOKMARK [2][-]{subsection.3.1}{\376\377\232\330\121\111\166\321\167\143\131\061\172\063\225\356\230\230}{section.3}% 7
\BOOKMARK [2][-]{subsection.3.2}{\376\377\173\046\123\367\133\232\116\111}{section.3}% 8
\BOOKMARK [2][-]{subsection.3.3}{\376\377\145\160\143\156\123\117\213\256}{section.3}% 9
\BOOKMARK [1][-]{section.4}{\376\377\145\271\154\325}{}% 10
\BOOKMARK [2][-]{subsection.4.1}{\376\377\145\164\117\123\155\101\172\013}{section.4}% 11
\BOOKMARK [2][-]{subsection.4.2}{\376\377\122\115\146\157\143\251\170\001\141\037\167\345\166\321\167\143}{section.4}% 12
\BOOKMARK [2][-]{subsection.4.3}{\376\377\166\370\133\371\232\330\121\111\133\232\116\111}{section.4}% 13
\BOOKMARK [2][-]{subsection.4.4}{\376\377\122\115\146\157\121\205\122\006\117\115\145\160\226\010\120\074}{section.4}% 14
\BOOKMARK [2][-]{subsection.4.5}{\376\377\116\305\165\050\116\216\226\010\120\074\117\060\213\241\166\204\152\041\174\312}{section.4}% 15
\BOOKMARK [2][-]{subsection.4.6}{\376\377\126\376\120\317\172\172\225\364\232\330\121\111\137\025\133\374}{section.4}% 16
\BOOKMARK [2][-]{subsection.4.7}{\376\377\213\255\176\303\166\356\150\007}{section.4}% 17
\BOOKMARK [1][-]{section.5}{\376\377\133\236\232\214}{}% 18
\BOOKMARK [2][-]{subsection.5.1}{\376\377\133\236\232\214\166\356\150\007}{section.5}% 19
\BOOKMARK [2][-]{subsection.5.2}{\376\377\133\236\163\260\176\306\202\202}{section.5}% 20
\BOOKMARK [2][-]{subsection.5.3}{\376\377\127\372\116\216\163\260\147\011\213\301\143\156\166\204\226\066\153\265\140\047\155\210\207\215\210\150}{section.5}% 21
\BOOKMARK [2][-]{subsection.5.4}{\376\377\116\073\122\233\176\323\147\234\123\302\200\003}{section.5}% 22
\BOOKMARK [2][-]{subsection.5.5}{\376\377\226\066\153\265\140\047\176\323\147\234\122\006\147\220}{section.5}% 23
\BOOKMARK [2][-]{subsection.5.6}{\376\377\213\255\176\303\145\160\143\156\173\126\165\145}{section.5}% 24
\BOOKMARK [2][-]{subsection.5.7}{\376\377\215\350\127\337\154\333\123\026}{section.5}% 25
\BOOKMARK [2][-]{subsection.5.8}{\376\377\145\110\163\207\123\330\117\123}{section.5}% 26
\BOOKMARK [2][-]{subsection.5.9}{\376\377\145\110\163\207\123\330\117\123\122\006\147\220}{section.5}% 27
\BOOKMARK [2][-]{subsection.5.10}{\376\377\133\232\140\047\176\323\147\234\134\125\171\072}{section.5}% 28
\BOOKMARK [2][-]{subsection.5.11}{\376\377\133\232\140\047\176\323\147\234\122\006\147\220\116\016\126\376\171\072\176\304\176\307\123\237\122\031}{section.5}% 29
\BOOKMARK [1][-]{section.6}{\376\377\176\323\147\234\124\110\163\260\213\241\122\022}{}% 30
\BOOKMARK [1][-]{section.7}{\376\377\137\123\122\115\133\236\232\214\162\266\140\001}{}% 31
\BOOKMARK [1][-]{section.8}{\376\377\137\123\122\115\122\035\172\077\121\231\117\134\123\343\137\204}{}% 32
\BOOKMARK [1][-]{section.9}{\376\377\213\250\213\272\116\016\134\100\226\120}{}% 33
\BOOKMARK [1][-]{section.10}{\376\377\176\323\213\272}{}% 34
